// Jest Snapshot v1, https://goo.gl/fbAQLP

exports[`Footer can work 1`] = `
<div
  className="ftr"
>
  <div
    className="ftr-container"
  >
    <div
      className="ftr-section-one"
    >
      <div
        className="ftr-contact"
      >
        <div>
          <div
            className="ftr-contact-close-container"
          >
            <div
              className="ftr-contact-email-content"
            >
              <div
                className="ftr-contact-email-information"
              >
                Shit just got better.
              </div>
              <div
                className="ftr-contact-email-contact"
              >
                <a
                  href="mailto:walcoorperation@gmail.com"
                >
                  <i
                    className="fa fa-envelope-open"
                  />
                </a>
                <a
                  href="https://github.com/yoonghan"
                  target="contact"
                >
                  <i
                    className="fa fa-github"
                  />
                </a>
                <a
                  href="https://www.facebook.com/walcron.coorperation"
                  target="contact"
                >
                  <i
                    className="fa fa-facebook-official"
                  />
                </a>
                <a
                  href="https://www.stackoverflow.com/users/3893990/han"
                  target="contact"
                >
                  <i
                    className="fa fa-stack-overflow"
                  />
                </a>
              </div>
            </div>
          </div>
        </div>
      </div>
    </div>
    <div
      className="ftr-divider"
    />
    <div
      className="ftr-links"
    >
      <a
        className="ftr-back-arrow"
        href="/"
      >
        <i
          className="fa fa-arrow-circle-left"
        />
      </a>
      <span>
        • 
        <a
          href="/about"
        >
          About
        </a>
      </span>
    </div>
    <div
      className="ftr-divider"
    />
    <div
      className="ftr-footnote"
    >
      2014 - 
      2018
       Walcron Coorperation ©
    </div>
  </div>
</div>
`;
