// Jest Snapshot v1, https://goo.gl/fbAQLP

exports[`StickyTitle can work 1`] = `
<div
  onClick={[Function]}
>
  <div
    className="stickytitle"
  >
    <div
      className="stickytitle-static"
    >
      <h3>
        R
        esearch
      </h3>
    </div>
    <div
      className="stickytitle-anim"
    >
      <h3>
        R
        <span
          className="stickytitle-hide"
        >
          esearch
        </span>
      </h3>
    </div>
  </div>
</div>
`;
