// Jest Snapshot v1, https://goo.gl/fbAQLP

exports[`Timeline is alternate left right, unaffected by year 1`] = `
<div
  className="timeline"
>
  <ul>
    <li
      className=""
    >
      <div
        className="year-wrapper"
      />
      <div
        className="year"
      >
        <h5>
          2016
        </h5>
      </div>
    </li>
    <li
      className="even"
    >
      <div
        className="box-container"
      >
        <div
          className="box"
        >
          <div
            className="content-container"
          >
            <div />
            <h4>
              Test
            </h4>
            <div
              className="divider"
            />
            <div>
              <img
                className="clickable"
                onClick={[Function]}
                src="https://placeimg.com/640/250/tech"
              />
              <div
                className="content-desc-container"
              >
                Description
              </div>
              <a
                href="path"
                target="_blank"
              >
                &gt; 
                text
              </a>
            </div>
          </div>
        </div>
      </div>
      <div
        className="icon"
      />
    </li>
    <li
      className="even"
    >
      <div
        className="year-wrapper"
      />
      <div
        className="year"
      >
        <h5>
          2015
        </h5>
      </div>
    </li>
    <li
      className=""
    >
      <div
        className="box-container"
      >
        <div
          className="box"
        >
          <div
            className="content-container"
          >
            <h4>
              Test
            </h4>
            <div
              className="divider"
            />
            <div>
              <img
                className={undefined}
                onClick={[Function]}
                src="https://placeimg.com/640/250/tech"
              />
              <div
                className="content-desc-container"
              >
                Description
              </div>
              <a
                href="path"
                target="_blank"
              >
                &gt; 
                text
              </a>
            </div>
          </div>
        </div>
      </div>
      <div
        className="icon"
      />
    </li>
    <li
      className="even"
    >
      <div
        className="box-container"
      >
        <div
          className="box"
        >
          <div
            className="content-container"
          >
            <h4>
              Test
            </h4>
            <div
              className="divider"
            />
            <div>
              <img
                className={undefined}
                onClick={[Function]}
                src="https://placeimg.com/640/250/tech"
              />
              <div
                className="content-desc-container"
              >
                Description
              </div>
              <a
                href="path"
                target="_blank"
              >
                &gt; 
                text
              </a>
            </div>
          </div>
        </div>
      </div>
      <div
        className="icon"
      />
    </li>
  </ul>
</div>
`;
