// Jest Snapshot v1, https://goo.gl/fbAQLP

exports[`ButtonsBar renders closed normally 1`] = `"<Fragment />"`;

exports[`ButtonsBar renders open normally 1`] = `
"<div className=\\"jsx-1854623498 container\\">
  <div className=\\"jsx-1854623498 message\\">
    <h4 className=\\"jsx-1854623498\\">
      This site uses cookies.
    </h4>
    <p className=\\"jsx-1854623498\\">
      Your generated cookie, shall and will not be used for any public sharing or advertisement related purposes. The cookie is only saved in your local and private browser to monitor visits and usage traffics.
    </p>
    <p className=\\"jsx-1854623498\\">
      By proceeding on this website, you have indirectly accepted and agreed to our cookie usage.
    </p>
  </div>
  <div className=\\"jsx-1854623498 button-container\\">
    <button onClick={[Function: reactToCookieButton]} className=\\"jsx-1854623498\\">
      Close
    </button>
  </div>
  <JSXStyle id=\\"1351343400\\" dynamic={{...}}>
    .container.__jsx-style-dynamic-selector{height:120px;width:100%;bottom:0;position:fixed;background-color:rgba(50,50,100,0.9);color:#FFF;display:-webkit-box;display:-webkit-flex;display:-ms-flexbox;display:flex;padding:20px;}.message.__jsx-style-dynamic-selector{width:75%;font-size:0.9rem;}.button-container.__jsx-style-dynamic-selector{width:25%;text-align:center;-webkit-align-self:center;-ms-flex-item-align:center;align-self:center;}.button-container.__jsx-style-dynamic-selector&gt;button.__jsx-style-dynamic-selector{border-radius:5px;cursor:pointer;padding:1rem;background-color:#FFA500;color:#FFF;font-weight:bold;}@media only screen and (max-width:480px){.container.__jsx-style-dynamic-selector{height:150px;padding:2px 10px;}}
  </JSXStyle>
</div>"
`;
