// Jest Snapshot v1, https://goo.gl/fbAQLP

exports[`MiniPost renders normally 1`] = `
"<div className=\\"jsx-1302834415 minipost\\">
  <div className=\\"jsx-1302834415 minipost-hdr\\">
    <RotatingIcon icon={[undefined]} />
  </div>
  <div className=\\"jsx-1302834415 minipost-itm\\">
    <h2>
      title1
    </h2>
    <span dangerouslySetInnerHTML={{...}} className=\\"jsx-1302834415\\" />
    <ul className=\\"jsx-1302834415\\">
      <li>
        <span>
          header1
        </span>
         - 
        description1
      </li>
      <li>
        <span>
          header2
        </span>
         - 
        description2
      </li>
    </ul>
  </div>
  <JSXStyle id=\\"1302834415\\">
    .minipost h2{color:$color-minipost-header-foreground;font-style:italic;margin-bottom:10px;}.minipost{padding:25px 0 25px 0;}.minipost .minipost-hdr{display:block;margin-bottom:5px;}.minipost .minipost-hdr i{font-size:20pt;}.minipost .minipost-itm{border-left:3px solid #000;margin-left:11px;padding:5px 10px;text-align:justify;}.minipost .minipost-itm h4{font-style:italic;margin-bottom:10px;text-align:center;}.minipost .minipost-itm h4::before,.minipost .minipost-itm h4::after{content:&quot;&quot;;display:inline-block;vertical-align:middle;width:5px;height:1px;background:#c0d3da;margin:0 5px;}.minipost .minipost-itm li span:first-child{font-weight:bold;font-style:italic;}.minipost .minipost-itm li span{padding-top:5px;}
  </JSXStyle>
</div>"
`;
